Copyright 1986-2022 Xilinx, Inc. All Rights Reserved. Copyright 2022-2023 Advanced Micro Devices, Inc. All Rights Reserved.
---------------------------------------------------------------------------------------------------------------------------------------------
| Tool Version : Vivado v.2023.1 (win64) Build 3865809 Sun May  7 15:05:29 MDT 2023
| Date         : Fri Dec 27 19:31:28 2024
| Host         : DESKTOP-4MKFJFT running 64-bit major release  (build 9200)
| Command      : report_control_sets -verbose -file board_chronometer_control_sets_placed.rpt
| Design       : board_chronometer
| Device       : xc7a100t
---------------------------------------------------------------------------------------------------------------------------------------------

Control Set Information

Table of Contents
-----------------
1. Summary
2. Histogram
3. Flip-Flop Distribution
4. Detailed Control Set Information

1. Summary
----------

+----------------------------------------------------------+-------+
|                          Status                          | Count |
+----------------------------------------------------------+-------+
| Total control sets                                       |     8 |
|    Minimum number of control sets                        |     8 |
|    Addition due to synthesis replication                 |     0 |
|    Addition due to physical synthesis replication        |     0 |
| Unused register locations in slices containing registers |    21 |
+----------------------------------------------------------+-------+
* Control sets can be merged at opt_design using control_set_merge or merge_equivalent_drivers
** Run report_qor_suggestions for automated merging and remapping suggestions


2. Histogram
------------

+--------------------+-------+
|       Fanout       | Count |
+--------------------+-------+
| Total control sets |     8 |
| >= 0 to < 4        |     0 |
| >= 4 to < 6        |     1 |
| >= 6 to < 8        |     3 |
| >= 8 to < 10       |     0 |
| >= 10 to < 12      |     0 |
| >= 12 to < 14      |     0 |
| >= 14 to < 16      |     0 |
| >= 16              |     4 |
+--------------------+-------+
* Control sets can be remapped at either synth_design or opt_design


3. Flip-Flop Distribution
-------------------------

+--------------+-----------------------+------------------------+-----------------+--------------+
| Clock Enable | Synchronous Set/Reset | Asynchronous Set/Reset | Total Registers | Total Slices |
+--------------+-----------------------+------------------------+-----------------+--------------+
| No           | No                    | No                     |               7 |            2 |
| No           | No                    | Yes                    |              28 |            7 |
| No           | Yes                   | No                     |              36 |           13 |
| Yes          | No                    | No                     |              37 |           12 |
| Yes          | No                    | Yes                    |               0 |            0 |
| Yes          | Yes                   | No                     |              31 |            8 |
+--------------+-----------------------+------------------------+-----------------+--------------+


4. Detailed Control Set Information
-----------------------------------

+----------------------+---------------+------------------------------+------------------+----------------+--------------+
|     Clock Signal     | Enable Signal |       Set/Reset Signal       | Slice Load Count | Bel Load Count | Bels / Slice |
+----------------------+---------------+------------------------------+------------------+----------------+--------------+
|  clk_IBUF_BUFG       | hh_var        |                              |                1 |              5 |         5.00 |
|  clk_IBUF_BUFG       | mm_var        |                              |                1 |              6 |         6.00 |
|  clk_IBUF_BUFG       | ss_var        |                              |                1 |              6 |         6.00 |
|  clk_IBUF_BUFG       |               |                              |                2 |              7 |         3.50 |
| ~chrono/tmp_base/tmp |               | bd_rst/cleared_rst           |                8 |             17 |         2.12 |
|  clk_IBUF_BUFG       | start_IBUF    |                              |                9 |             20 |         2.22 |
|  clk_IBUF_BUFG       | bd_rst/count  | bd_rst/deb.count[31]_i_1_n_0 |                8 |             31 |         3.88 |
|  clk_IBUF_BUFG       |               | bd_rst/cleared_rst           |               12 |             47 |         3.92 |
+----------------------+---------------+------------------------------+------------------+----------------+--------------+


