
*** Running vivado
    with args -log board_chronometer.vds -m64 -product Vivado -mode batch -messageDb vivado.pb -notrace -source board_chronometer.tcl


ECHO disattivato.
ECHO disattivato.

****** Vivado v2023.1 (64-bit)
  **** SW Build 3865809 on Sun May  7 15:05:29 MDT 2023
  **** IP Build 3864474 on Sun May  7 20:36:21 MDT 2023
  **** SharedData Build 3865790 on Sun May 07 13:33:03 MDT 2023
    ** Copyright 1986-2022 Xilinx, Inc. All Rights Reserved.
    ** Copyright 2022-2023 Advanced Micro Devices, Inc. All Rights Reserved.

source board_chronometer.tcl -notrace
create_project: Time (s): cpu = 00:00:06 ; elapsed = 00:00:07 . Memory (MB): peak = 469.551 ; gain = 200.598
Command: read_checkpoint -auto_incremental -incremental {D:/Scuola/Anno 2024-2025/Architettura dei Sistemi Digitali/Elaborato/exe-5.2/exe-5.2.srcs/utils_1/imports/synth_1/tb_chronometer.dcp}
INFO: [Vivado 12-5825] Read reference checkpoint from D:/Scuola/Anno 2024-2025/Architettura dei Sistemi Digitali/Elaborato/exe-5.2/exe-5.2.srcs/utils_1/imports/synth_1/tb_chronometer.dcp for incremental synthesis
INFO: [Vivado 12-7989] Please ensure there are no constraint changes
Command: synth_design -top board_chronometer -part xc7a100tcsg324-1
Starting synth_design
Attempting to get a license for feature 'Synthesis' and/or device 'xc7a100t'
INFO: [Common 17-349] Got license for feature 'Synthesis' and/or device 'xc7a100t'
INFO: [Device 21-403] Loading part xc7a100tcsg324-1
INFO: [Designutils 20-5440] No compile time benefit to using incremental synthesis; A full resynthesis will be run
INFO: [Designutils 20-4379] Flow is switching to default flow due to incremental criteria not met. If you would like to alter this behaviour and have the flow terminate instead, please set the following parameter config_implementation {autoIncr.Synth.RejectBehavior Terminate}
INFO: [Synth 8-7079] Multithreading enabled for synth_design using a maximum of 2 processes.
INFO: [Synth 8-7078] Launching helper process for spawning children vivado processes
INFO: [Synth 8-7075] Helper process launched with PID 13236
---------------------------------------------------------------------------------
Starting RTL Elaboration : Time (s): cpu = 00:00:04 ; elapsed = 00:00:05 . Memory (MB): peak = 1300.688 ; gain = 411.914
---------------------------------------------------------------------------------
INFO: [Synth 8-638] synthesizing module 'board_chronometer' [D:/Scuola/Anno 2024-2025/Architettura dei Sistemi Digitali/Elaborato/exe-5.2/exe-5.2.srcs/sources_1/new/board_chronometer.vhd:26]
INFO: [Synth 8-638] synthesizing module 'chronometer' [D:/Scuola/Anno 2024-2025/Architettura dei Sistemi Digitali/Elaborato/exe-5.2/exe-5.2.srcs/sources_1/imports/exe-5.1.srcs/sources_1/new/chronometer.vhd:28]
INFO: [Synth 8-638] synthesizing module 'base_tempi' [D:/Scuola/Anno 2024-2025/Architettura dei Sistemi Digitali/Elaborato/exe-5.2/exe-5.2.srcs/sources_1/imports/exe-5.1.srcs/sources_1/new/base_tempi.vhd:13]
INFO: [Synth 8-256] done synthesizing module 'base_tempi' (0#1) [D:/Scuola/Anno 2024-2025/Architettura dei Sistemi Digitali/Elaborato/exe-5.2/exe-5.2.srcs/sources_1/imports/exe-5.1.srcs/sources_1/new/base_tempi.vhd:13]
INFO: [Synth 8-638] synthesizing module 'counter_mod60' [D:/Scuola/Anno 2024-2025/Architettura dei Sistemi Digitali/Elaborato/exe-5.2/exe-5.2.srcs/sources_1/imports/exe-5.1.srcs/sources_1/new/counter_mod60.vhd:16]
INFO: [Synth 8-638] synthesizing module 'flipflop_t' [D:/Scuola/Anno 2024-2025/Architettura dei Sistemi Digitali/Elaborato/exe-5.2/exe-5.2.srcs/sources_1/imports/exe-5.1.srcs/sources_1/new/flipflop_t.vhd:16]
INFO: [Synth 8-256] done synthesizing module 'flipflop_t' (0#1) [D:/Scuola/Anno 2024-2025/Architettura dei Sistemi Digitali/Elaborato/exe-5.2/exe-5.2.srcs/sources_1/imports/exe-5.1.srcs/sources_1/new/flipflop_t.vhd:16]
INFO: [Synth 8-256] done synthesizing module 'counter_mod60' (0#1) [D:/Scuola/Anno 2024-2025/Architettura dei Sistemi Digitali/Elaborato/exe-5.2/exe-5.2.srcs/sources_1/imports/exe-5.1.srcs/sources_1/new/counter_mod60.vhd:16]
INFO: [Synth 8-638] synthesizing module 'counter_mod24' [D:/Scuola/Anno 2024-2025/Architettura dei Sistemi Digitali/Elaborato/exe-5.2/exe-5.2.srcs/sources_1/imports/exe-5.1.srcs/sources_1/new/counter_mod24.vhd:16]
INFO: [Synth 8-256] done synthesizing module 'counter_mod24' (0#1) [D:/Scuola/Anno 2024-2025/Architettura dei Sistemi Digitali/Elaborato/exe-5.2/exe-5.2.srcs/sources_1/imports/exe-5.1.srcs/sources_1/new/counter_mod24.vhd:16]
INFO: [Synth 8-256] done synthesizing module 'chronometer' (0#1) [D:/Scuola/Anno 2024-2025/Architettura dei Sistemi Digitali/Elaborato/exe-5.2/exe-5.2.srcs/sources_1/imports/exe-5.1.srcs/sources_1/new/chronometer.vhd:28]
INFO: [Synth 8-638] synthesizing module 'display_seven_segments' [D:/Scuola/Anno 2024-2025/Architettura dei Sistemi Digitali/Elaborato/exe-5.2/exe-5.2.srcs/sources_1/imports/Lezioni/display_seven_segments.vhd:46]
	Parameter CLKIN_freq bound to: 100000000 - type: integer 
	Parameter CLKOUT_freq bound to: 500 - type: integer 
INFO: [Synth 8-3491] module 'clock_filter' declared at 'D:/Scuola/Anno 2024-2025/Architettura dei Sistemi Digitali/Elaborato/exe-5.2/exe-5.2.srcs/sources_1/imports/Lezioni/clock_filter.vhd:32' bound to instance 'clk_filter' of component 'clock_filter' [D:/Scuola/Anno 2024-2025/Architettura dei Sistemi Digitali/Elaborato/exe-5.2/exe-5.2.srcs/sources_1/imports/Lezioni/display_seven_segments.vhd:94]
INFO: [Synth 8-638] synthesizing module 'clock_filter' [D:/Scuola/Anno 2024-2025/Architettura dei Sistemi Digitali/Elaborato/exe-5.2/exe-5.2.srcs/sources_1/imports/Lezioni/clock_filter.vhd:44]
	Parameter CLKIN_freq bound to: 100000000 - type: integer 
	Parameter CLKOUT_freq bound to: 500 - type: integer 
INFO: [Synth 8-256] done synthesizing module 'clock_filter' (0#1) [D:/Scuola/Anno 2024-2025/Architettura dei Sistemi Digitali/Elaborato/exe-5.2/exe-5.2.srcs/sources_1/imports/Lezioni/clock_filter.vhd:44]
INFO: [Synth 8-3491] module 'counter_mod8' declared at 'D:/Scuola/Anno 2024-2025/Architettura dei Sistemi Digitali/Elaborato/exe-5.2/exe-5.2.srcs/sources_1/imports/Lezioni/counter_mod8.vhd:34' bound to instance 'counter_instance' of component 'counter_mod8' [D:/Scuola/Anno 2024-2025/Architettura dei Sistemi Digitali/Elaborato/exe-5.2/exe-5.2.srcs/sources_1/imports/Lezioni/display_seven_segments.vhd:104]
INFO: [Synth 8-638] synthesizing module 'counter_mod8' [D:/Scuola/Anno 2024-2025/Architettura dei Sistemi Digitali/Elaborato/exe-5.2/exe-5.2.srcs/sources_1/imports/Lezioni/counter_mod8.vhd:41]
INFO: [Synth 8-256] done synthesizing module 'counter_mod8' (0#1) [D:/Scuola/Anno 2024-2025/Architettura dei Sistemi Digitali/Elaborato/exe-5.2/exe-5.2.srcs/sources_1/imports/Lezioni/counter_mod8.vhd:41]
INFO: [Synth 8-3491] module 'cathodes_manager' declared at 'D:/Scuola/Anno 2024-2025/Architettura dei Sistemi Digitali/Elaborato/exe-5.2/exe-5.2.srcs/sources_1/imports/Lezioni/cathodes_manager.vhd:32' bound to instance 'cathodes_instance' of component 'cathodes_manager' [D:/Scuola/Anno 2024-2025/Architettura dei Sistemi Digitali/Elaborato/exe-5.2/exe-5.2.srcs/sources_1/imports/Lezioni/display_seven_segments.vhd:112]
INFO: [Synth 8-638] synthesizing module 'cathodes_manager' [D:/Scuola/Anno 2024-2025/Architettura dei Sistemi Digitali/Elaborato/exe-5.2/exe-5.2.srcs/sources_1/imports/Lezioni/cathodes_manager.vhd:39]
WARNING: [Synth 8-614] signal 'value' is read in the process but is not in the sensitivity list [D:/Scuola/Anno 2024-2025/Architettura dei Sistemi Digitali/Elaborato/exe-5.2/exe-5.2.srcs/sources_1/imports/Lezioni/cathodes_manager.vhd:74]
WARNING: [Synth 8-614] signal 'dots' is read in the process but is not in the sensitivity list [D:/Scuola/Anno 2024-2025/Architettura dei Sistemi Digitali/Elaborato/exe-5.2/exe-5.2.srcs/sources_1/imports/Lezioni/cathodes_manager.vhd:74]
INFO: [Synth 8-256] done synthesizing module 'cathodes_manager' (0#1) [D:/Scuola/Anno 2024-2025/Architettura dei Sistemi Digitali/Elaborato/exe-5.2/exe-5.2.srcs/sources_1/imports/Lezioni/cathodes_manager.vhd:39]
INFO: [Synth 8-3491] module 'anodes_manager' declared at 'D:/Scuola/Anno 2024-2025/Architettura dei Sistemi Digitali/Elaborato/exe-5.2/exe-5.2.srcs/sources_1/imports/Lezioni/anodes_manager.vhd:32' bound to instance 'anodes_instance' of component 'anodes_manager' [D:/Scuola/Anno 2024-2025/Architettura dei Sistemi Digitali/Elaborato/exe-5.2/exe-5.2.srcs/sources_1/imports/Lezioni/display_seven_segments.vhd:119]
INFO: [Synth 8-638] synthesizing module 'anodes_manager' [D:/Scuola/Anno 2024-2025/Architettura dei Sistemi Digitali/Elaborato/exe-5.2/exe-5.2.srcs/sources_1/imports/Lezioni/anodes_manager.vhd:39]
INFO: [Synth 8-226] default block is never used [D:/Scuola/Anno 2024-2025/Architettura dei Sistemi Digitali/Elaborato/exe-5.2/exe-5.2.srcs/sources_1/imports/Lezioni/anodes_manager.vhd:51]
INFO: [Synth 8-256] done synthesizing module 'anodes_manager' (0#1) [D:/Scuola/Anno 2024-2025/Architettura dei Sistemi Digitali/Elaborato/exe-5.2/exe-5.2.srcs/sources_1/imports/Lezioni/anodes_manager.vhd:39]
INFO: [Synth 8-256] done synthesizing module 'display_seven_segments' (0#1) [D:/Scuola/Anno 2024-2025/Architettura dei Sistemi Digitali/Elaborato/exe-5.2/exe-5.2.srcs/sources_1/imports/Lezioni/display_seven_segments.vhd:46]
INFO: [Synth 8-638] synthesizing module 'time_encoder' [D:/Scuola/Anno 2024-2025/Architettura dei Sistemi Digitali/Elaborato/exe-5.2/exe-5.2.srcs/sources_1/new/time_encoder.vhd:14]
INFO: [Synth 8-256] done synthesizing module 'time_encoder' (0#1) [D:/Scuola/Anno 2024-2025/Architettura dei Sistemi Digitali/Elaborato/exe-5.2/exe-5.2.srcs/sources_1/new/time_encoder.vhd:14]
INFO: [Synth 8-638] synthesizing module 'ButtonDebouncer' [D:/Scuola/Anno 2024-2025/Architettura dei Sistemi Digitali/Elaborato/exe-5.2/exe-5.2.srcs/sources_1/imports/Lezioni/ButtonDebouncer.vhd:46]
INFO: [Synth 8-226] default block is never used [D:/Scuola/Anno 2024-2025/Architettura dei Sistemi Digitali/Elaborato/exe-5.2/exe-5.2.srcs/sources_1/imports/Lezioni/ButtonDebouncer.vhd:79]
INFO: [Synth 8-256] done synthesizing module 'ButtonDebouncer' (0#1) [D:/Scuola/Anno 2024-2025/Architettura dei Sistemi Digitali/Elaborato/exe-5.2/exe-5.2.srcs/sources_1/imports/Lezioni/ButtonDebouncer.vhd:46]
INFO: [Synth 8-256] done synthesizing module 'board_chronometer' (0#1) [D:/Scuola/Anno 2024-2025/Architettura dei Sistemi Digitali/Elaborato/exe-5.2/exe-5.2.srcs/sources_1/new/board_chronometer.vhd:26]
WARNING: [Synth 8-7129] Port dots[7] in module cathodes_manager is either unconnected or has no load
WARNING: [Synth 8-7129] Port dots[6] in module cathodes_manager is either unconnected or has no load
---------------------------------------------------------------------------------
Finished RTL Elaboration : Time (s): cpu = 00:00:05 ; elapsed = 00:00:06 . Memory (MB): peak = 1392.457 ; gain = 503.684
---------------------------------------------------------------------------------
---------------------------------------------------------------------------------
Start Handling Custom Attributes
---------------------------------------------------------------------------------
---------------------------------------------------------------------------------
Finished Handling Custom Attributes : Time (s): cpu = 00:00:05 ; elapsed = 00:00:07 . Memory (MB): peak = 1392.457 ; gain = 503.684
---------------------------------------------------------------------------------
---------------------------------------------------------------------------------
Finished RTL Optimization Phase 1 : Time (s): cpu = 00:00:05 ; elapsed = 00:00:07 . Memory (MB): peak = 1392.457 ; gain = 503.684
---------------------------------------------------------------------------------
Netlist sorting complete. Time (s): cpu = 00:00:00 ; elapsed = 00:00:00.005 . Memory (MB): peak = 1392.457 ; gain = 0.000
INFO: [Project 1-570] Preparing netlist for logic optimization

Processing XDC Constraints
Initializing timing engine
Parsing XDC File [D:/Scuola/Anno 2024-2025/Architettura dei Sistemi Digitali/Elaborato/exe-5.2/exe-5.2.srcs/constrs_1/imports/Lezioni/Nexys-A7-100T-Master.xdc]
WARNING: [Vivado 12-584] No ports matched 'set'. [D:/Scuola/Anno 2024-2025/Architettura dei Sistemi Digitali/Elaborato/exe-5.2/exe-5.2.srcs/constrs_1/imports/Lezioni/Nexys-A7-100T-Master.xdc:76]
CRITICAL WARNING: [Common 17-55] 'set_property' expects at least one object. [D:/Scuola/Anno 2024-2025/Architettura dei Sistemi Digitali/Elaborato/exe-5.2/exe-5.2.srcs/constrs_1/imports/Lezioni/Nexys-A7-100T-Master.xdc:76]
Resolution: If [get_<value>] was used to populate the object, check to make sure this command returns at least one valid object.
Finished Parsing XDC File [D:/Scuola/Anno 2024-2025/Architettura dei Sistemi Digitali/Elaborato/exe-5.2/exe-5.2.srcs/constrs_1/imports/Lezioni/Nexys-A7-100T-Master.xdc]
INFO: [Project 1-236] Implementation specific constraints were found while reading constraint file [D:/Scuola/Anno 2024-2025/Architettura dei Sistemi Digitali/Elaborato/exe-5.2/exe-5.2.srcs/constrs_1/imports/Lezioni/Nexys-A7-100T-Master.xdc]. These constraints will be ignored for synthesis but will be used in implementation. Impacted constraints are listed in the file [.Xil/board_chronometer_propImpl.xdc].
Resolution: To avoid this warning, move constraints listed in [.Xil/board_chronometer_propImpl.xdc] to another XDC file and exclude this new file from synthesis with the used_in_synthesis property (File Properties dialog in GUI) and re-run elaboration/synthesis.
Completed Processing XDC Constraints

Netlist sorting complete. Time (s): cpu = 00:00:00 ; elapsed = 00:00:00 . Memory (MB): peak = 1420.406 ; gain = 0.000
INFO: [Project 1-111] Unisim Transformation Summary:
No Unisim elements were transformed.

Constraint Validation Runtime : Time (s): cpu = 00:00:00 ; elapsed = 00:00:00.005 . Memory (MB): peak = 1420.406 ; gain = 0.000
INFO: [Designutils 20-5440] No compile time benefit to using incremental synthesis; A full resynthesis will be run
INFO: [Designutils 20-4379] Flow is switching to default flow due to incremental criteria not met. If you would like to alter this behaviour and have the flow terminate instead, please set the following parameter config_implementation {autoIncr.Synth.RejectBehavior Terminate}
---------------------------------------------------------------------------------
Finished Constraint Validation : Time (s): cpu = 00:00:11 ; elapsed = 00:00:14 . Memory (MB): peak = 1420.406 ; gain = 531.633
---------------------------------------------------------------------------------
---------------------------------------------------------------------------------
Start Loading Part and Timing Information
---------------------------------------------------------------------------------
Loading part: xc7a100tcsg324-1
---------------------------------------------------------------------------------
Finished Loading Part and Timing Information : Time (s): cpu = 00:00:11 ; elapsed = 00:00:14 . Memory (MB): peak = 1420.406 ; gain = 531.633
---------------------------------------------------------------------------------
---------------------------------------------------------------------------------
Start Applying 'set_property' XDC Constraints
---------------------------------------------------------------------------------
---------------------------------------------------------------------------------
Finished applying 'set_property' XDC Constraints : Time (s): cpu = 00:00:11 ; elapsed = 00:00:14 . Memory (MB): peak = 1420.406 ; gain = 531.633
---------------------------------------------------------------------------------
INFO: [Synth 8-802] inferred FSM for state register 'BTN_state_reg' in module 'ButtonDebouncer'
---------------------------------------------------------------------------------------------------
                   State |                     New Encoding |                Previous Encoding 
---------------------------------------------------------------------------------------------------
             not_pressed |                               00 |                               00
             chk_pressed |                               01 |                               01
                 pressed |                               10 |                               10
         chk_not_pressed |                               11 |                               11
---------------------------------------------------------------------------------------------------
INFO: [Synth 8-3354] encoded FSM with state register 'BTN_state_reg' using encoding 'sequential' in module 'ButtonDebouncer'
---------------------------------------------------------------------------------
Finished RTL Optimization Phase 2 : Time (s): cpu = 00:00:12 ; elapsed = 00:00:14 . Memory (MB): peak = 1420.406 ; gain = 531.633
---------------------------------------------------------------------------------
---------------------------------------------------------------------------------
Start RTL Component Statistics 
---------------------------------------------------------------------------------
Detailed RTL Component Info : 
+---Adders : 
	   2 Input   32 Bit       Adders := 1     
	   2 Input   27 Bit       Adders := 1     
	   2 Input   18 Bit       Adders := 1     
	   2 Input    3 Bit       Adders := 1     
+---Registers : 
	               32 Bit    Registers := 1     
	               27 Bit    Registers := 1     
	               24 Bit    Registers := 1     
	               18 Bit    Registers := 1     
	                6 Bit    Registers := 2     
	                5 Bit    Registers := 1     
	                3 Bit    Registers := 1     
	                1 Bit    Registers := 20    
+---Muxes : 
	   2 Input   32 Bit        Muxes := 1     
	   2 Input   27 Bit        Muxes := 1     
	   2 Input   24 Bit        Muxes := 3     
	   2 Input   18 Bit        Muxes := 1     
	   8 Input    8 Bit        Muxes := 1     
	   4 Input    2 Bit        Muxes := 1     
	   2 Input    2 Bit        Muxes := 6     
	   2 Input    1 Bit        Muxes := 51    
	   4 Input    1 Bit        Muxes := 2     
---------------------------------------------------------------------------------
Finished RTL Component Statistics 
---------------------------------------------------------------------------------
---------------------------------------------------------------------------------
Start Part Resource Summary
---------------------------------------------------------------------------------
Part Resources:
DSPs: 240 (col length:80)
BRAMs: 270 (col length: RAMB18 80 RAMB36 40)
---------------------------------------------------------------------------------
Finished Part Resource Summary
---------------------------------------------------------------------------------
---------------------------------------------------------------------------------
Start Cross Boundary and Area Optimization
---------------------------------------------------------------------------------
WARNING: [Synth 8-7080] Parallel synthesis criteria is not met
---------------------------------------------------------------------------------
Finished Cross Boundary and Area Optimization : Time (s): cpu = 00:00:16 ; elapsed = 00:00:19 . Memory (MB): peak = 1420.406 ; gain = 531.633
---------------------------------------------------------------------------------
---------------------------------------------------------------------------------
Start Applying XDC Timing Constraints
---------------------------------------------------------------------------------
---------------------------------------------------------------------------------
Finished Applying XDC Timing Constraints : Time (s): cpu = 00:00:21 ; elapsed = 00:00:24 . Memory (MB): peak = 1420.406 ; gain = 531.633
---------------------------------------------------------------------------------
---------------------------------------------------------------------------------
Start Timing Optimization
---------------------------------------------------------------------------------
---------------------------------------------------------------------------------
Finished Timing Optimization : Time (s): cpu = 00:00:21 ; elapsed = 00:00:25 . Memory (MB): peak = 1427.301 ; gain = 538.527
---------------------------------------------------------------------------------
---------------------------------------------------------------------------------
Start Technology Mapping
---------------------------------------------------------------------------------
---------------------------------------------------------------------------------
Finished Technology Mapping : Time (s): cpu = 00:00:22 ; elapsed = 00:00:25 . Memory (MB): peak = 1429.637 ; gain = 540.863
---------------------------------------------------------------------------------
---------------------------------------------------------------------------------
Start IO Insertion
---------------------------------------------------------------------------------
---------------------------------------------------------------------------------
Start Flattening Before IO Insertion
---------------------------------------------------------------------------------
---------------------------------------------------------------------------------
Finished Flattening Before IO Insertion
---------------------------------------------------------------------------------
---------------------------------------------------------------------------------
Start Final Netlist Cleanup
---------------------------------------------------------------------------------
---------------------------------------------------------------------------------
Finished Final Netlist Cleanup
---------------------------------------------------------------------------------
---------------------------------------------------------------------------------
Finished IO Insertion : Time (s): cpu = 00:00:25 ; elapsed = 00:00:29 . Memory (MB): peak = 1429.637 ; gain = 540.863
---------------------------------------------------------------------------------
---------------------------------------------------------------------------------
Start Renaming Generated Instances
---------------------------------------------------------------------------------
---------------------------------------------------------------------------------
Finished Renaming Generated Instances : Time (s): cpu = 00:00:25 ; elapsed = 00:00:29 . Memory (MB): peak = 1429.637 ; gain = 540.863
---------------------------------------------------------------------------------
---------------------------------------------------------------------------------
Start Rebuilding User Hierarchy
---------------------------------------------------------------------------------
---------------------------------------------------------------------------------
Finished Rebuilding User Hierarchy : Time (s): cpu = 00:00:25 ; elapsed = 00:00:29 . Memory (MB): peak = 1429.637 ; gain = 540.863
---------------------------------------------------------------------------------
---------------------------------------------------------------------------------
Start Renaming Generated Ports
---------------------------------------------------------------------------------
---------------------------------------------------------------------------------
Finished Renaming Generated Ports : Time (s): cpu = 00:00:25 ; elapsed = 00:00:29 . Memory (MB): peak = 1429.637 ; gain = 540.863
---------------------------------------------------------------------------------
---------------------------------------------------------------------------------
Start Handling Custom Attributes
---------------------------------------------------------------------------------
---------------------------------------------------------------------------------
Finished Handling Custom Attributes : Time (s): cpu = 00:00:25 ; elapsed = 00:00:30 . Memory (MB): peak = 1429.637 ; gain = 540.863
---------------------------------------------------------------------------------
---------------------------------------------------------------------------------
Start Renaming Generated Nets
---------------------------------------------------------------------------------
---------------------------------------------------------------------------------
Finished Renaming Generated Nets : Time (s): cpu = 00:00:25 ; elapsed = 00:00:30 . Memory (MB): peak = 1429.637 ; gain = 540.863
---------------------------------------------------------------------------------
---------------------------------------------------------------------------------
Start Writing Synthesis Report
---------------------------------------------------------------------------------

Report BlackBoxes: 
+-+--------------+----------+
| |BlackBox name |Instances |
+-+--------------+----------+
+-+--------------+----------+

Report Cell Usage: 
+------+-------+------+
|      |Cell   |Count |
+------+-------+------+
|1     |BUFG   |     1|
|2     |CARRY4 |    20|
|3     |LUT1   |     3|
|4     |LUT2   |    22|
|5     |LUT3   |    15|
|6     |LUT4   |    56|
|7     |LUT5   |    47|
|8     |LUT6   |    31|
|9     |FDCE   |    28|
|10    |FDRE   |   111|
|11    |IBUF   |    12|
|12    |OBUF   |    16|
+------+-------+------+
---------------------------------------------------------------------------------
Finished Writing Synthesis Report : Time (s): cpu = 00:00:25 ; elapsed = 00:00:30 . Memory (MB): peak = 1429.637 ; gain = 540.863
---------------------------------------------------------------------------------
Synthesis finished with 0 errors, 0 critical warnings and 1 warnings.
Synthesis Optimization Runtime : Time (s): cpu = 00:00:18 ; elapsed = 00:00:28 . Memory (MB): peak = 1429.637 ; gain = 512.914
Synthesis Optimization Complete : Time (s): cpu = 00:00:25 ; elapsed = 00:00:30 . Memory (MB): peak = 1429.637 ; gain = 540.863
INFO: [Project 1-571] Translating synthesized netlist
Netlist sorting complete. Time (s): cpu = 00:00:00 ; elapsed = 00:00:00.003 . Memory (MB): peak = 1438.469 ; gain = 0.000
INFO: [Netlist 29-17] Analyzing 20 Unisim elements for replacement
INFO: [Netlist 29-28] Unisim Transformation completed in 0 CPU seconds
INFO: [Project 1-570] Preparing netlist for logic optimization
INFO: [Opt 31-138] Pushed 0 inverter(s) to 0 load pin(s).
Netlist sorting complete. Time (s): cpu = 00:00:00 ; elapsed = 00:00:00 . Memory (MB): peak = 1442.156 ; gain = 0.000
INFO: [Project 1-111] Unisim Transformation Summary:
No Unisim elements were transformed.

Synth Design complete | Checksum: 1f6d1df8
INFO: [Common 17-83] Releasing license: Synthesis
55 Infos, 6 Warnings, 1 Critical Warnings and 0 Errors encountered.
synth_design completed successfully
synth_design: Time (s): cpu = 00:00:28 ; elapsed = 00:00:35 . Memory (MB): peak = 1442.156 ; gain = 947.758
INFO: [runtcl-6] Synthesis results are not added to the cache due to CRITICAL_WARNING
INFO: [Common 17-1381] The checkpoint 'D:/Scuola/Anno 2024-2025/Architettura dei Sistemi Digitali/Elaborato/exe-5.2/exe-5.2.runs/synth_1/board_chronometer.dcp' has been generated.
INFO: [runtcl-4] Executing : report_utilization -file board_chronometer_utilization_synth.rpt -pb board_chronometer_utilization_synth.pb
INFO: [Common 17-206] Exiting Vivado at Fri Dec 27 19:30:49 2024...
