#-----------------------------------------------------------
# Vivado v2023.1 (64-bit)
# SW Build 3865809 on Sun May  7 15:05:29 MDT 2023
# IP Build 3864474 on Sun May  7 20:36:21 MDT 2023
# SharedData Build 3865790 on Sun May 07 13:33:03 MDT 2023
# Start of session at: Sun Dec 22 13:01:37 2024
# Process ID: 22168
# Current directory: D:/Scuola/Anno 2024-2025/Architettura dei Sistemi Digitali/Elaborato/exe-7.1
# Command line: vivado.exe -gui_launcher_event rodinguilauncherevent21468 D:\Scuola\Anno 2024-2025\Architettura dei Sistemi Digitali\Elaborato\exe-7.1\exe-7.1.xpr
# Log file: D:/Scuola/Anno 2024-2025/Architettura dei Sistemi Digitali/Elaborato/exe-7.1/vivado.log
# Journal file: D:/Scuola/Anno 2024-2025/Architettura dei Sistemi Digitali/Elaborato/exe-7.1\vivado.jou
# Running On: DESKTOP-4MKFJFT, OS: Windows, CPU Frequency: 3600 MHz, CPU Physical cores: 8, Host memory: 17093 MB
#-----------------------------------------------------------
start_gui
open_project {D:/Scuola/Anno 2024-2025/Architettura dei Sistemi Digitali/Elaborato/exe-7.1/exe-7.1.xpr}
update_compile_order -fileset sources_1
launch_simulation
source tb_booth_mutliplier.tcl
close_sim
launch_simulation
source tb_booth_mutliplier.tcl
close_sim
close_project
