Copyright 1986-2022 Xilinx, Inc. All Rights Reserved. Copyright 2022-2023 Advanced Micro Devices, Inc. All Rights Reserved.
---------------------------------------------------------------------------------------------------------------------------------------------
| Tool Version : Vivado v.2023.1 (win64) Build 3865809 Sun May  7 15:05:29 MDT 2023
| Date         : Sat Dec 28 18:23:47 2024
| Host         : DESKTOP-4MKFJFT running 64-bit major release  (build 9200)
| Command      : report_control_sets -verbose -file board_booth_control_sets_placed.rpt
| Design       : board_booth
| Device       : xc7a100t
---------------------------------------------------------------------------------------------------------------------------------------------

Control Set Information

Table of Contents
-----------------
1. Summary
2. Histogram
3. Flip-Flop Distribution
4. Detailed Control Set Information

1. Summary
----------

+----------------------------------------------------------+-------+
|                          Status                          | Count |
+----------------------------------------------------------+-------+
| Total control sets                                       |     8 |
|    Minimum number of control sets                        |     8 |
|    Addition due to synthesis replication                 |     0 |
|    Addition due to physical synthesis replication        |     0 |
| Unused register locations in slices containing registers |    26 |
+----------------------------------------------------------+-------+
* Control sets can be merged at opt_design using control_set_merge or merge_equivalent_drivers
** Run report_qor_suggestions for automated merging and remapping suggestions


2. Histogram
------------

+--------------------+-------+
|       Fanout       | Count |
+--------------------+-------+
| Total control sets |     8 |
| >= 0 to < 4        |     1 |
| >= 4 to < 6        |     0 |
| >= 6 to < 8        |     0 |
| >= 8 to < 10       |     1 |
| >= 10 to < 12      |     0 |
| >= 12 to < 14      |     0 |
| >= 14 to < 16      |     0 |
| >= 16              |     6 |
+--------------------+-------+
* Control sets can be remapped at either synth_design or opt_design


3. Flip-Flop Distribution
-------------------------

+--------------+-----------------------+------------------------+-----------------+--------------+
| Clock Enable | Synchronous Set/Reset | Asynchronous Set/Reset | Total Registers | Total Slices |
+--------------+-----------------------+------------------------+-----------------+--------------+
| No           | No                    | No                     |              27 |            6 |
| No           | No                    | Yes                    |               0 |            0 |
| No           | Yes                   | No                     |              19 |            5 |
| Yes          | No                    | No                     |              17 |            7 |
| Yes          | No                    | Yes                    |               0 |            0 |
| Yes          | Yes                   | No                     |              87 |           26 |
+--------------+-----------------------+------------------------+-----------------+--------------+


4. Detailed Control Set Information
-----------------------------------

+----------------+------------------------------+-----------------------------------+------------------+----------------+--------------+
|  Clock Signal  |         Enable Signal        |          Set/Reset Signal         | Slice Load Count | Bel Load Count | Bels / Slice |
+----------------+------------------------------+-----------------------------------+------------------+----------------+--------------+
|  clk_IBUF_BUFG | booth_mul/mul_ended          |                                   |                1 |              1 |         1.00 |
|  clk_IBUF_BUFG | booth_mul/load_M             | booth_mul/rst_sys                 |                3 |              8 |         2.67 |
|  clk_IBUF_BUFG | booth_mul/result_temp        |                                   |                6 |             16 |         2.67 |
|  clk_IBUF_BUFG | booth_mul/AQ/reg[16]_i_1_n_0 | booth_mul/rst_sys                 |                7 |             17 |         2.43 |
|  clk_IBUF_BUFG |                              | bd_rst/cleared_rst                |                5 |             19 |         3.80 |
|  clk_IBUF_BUFG |                              |                                   |                6 |             27 |         4.50 |
|  clk_IBUF_BUFG | bd_rst/count                 | bd_rst/deb.count[31]_i_1_n_0      |                8 |             31 |         3.88 |
|  clk_IBUF_BUFG | bd_start/count               | bd_start/deb.count[31]_i_1__0_n_0 |                8 |             31 |         3.88 |
+----------------+------------------------------+-----------------------------------+------------------+----------------+--------------+


