#-----------------------------------------------------------
# Vivado v2023.1 (64-bit)
# SW Build 3865809 on Sun May  7 15:05:29 MDT 2023
# IP Build 3864474 on Sun May  7 20:36:21 MDT 2023
# SharedData Build 3865790 on Sun May 07 13:33:03 MDT 2023
# Start of session at: Sat Dec 28 18:29:02 2024
# Process ID: 20924
# Current directory: D:/Scuola/Anno 2024-2025/Architettura dei Sistemi Digitali/Elaborato/exe-7.2/exe-7.2.runs/impl_1
# Command line: vivado.exe -log board_booth.vdi -applog -product Vivado -messageDb vivado.pb -mode batch -source board_booth.tcl -notrace
# Log file: D:/Scuola/Anno 2024-2025/Architettura dei Sistemi Digitali/Elaborato/exe-7.2/exe-7.2.runs/impl_1/board_booth.vdi
# Journal file: D:/Scuola/Anno 2024-2025/Architettura dei Sistemi Digitali/Elaborato/exe-7.2/exe-7.2.runs/impl_1\vivado.jou
# Running On: DESKTOP-4MKFJFT, OS: Windows, CPU Frequency: 3600 MHz, CPU Physical cores: 8, Host memory: 17093 MB
#-----------------------------------------------------------
source board_booth.tcl -notrace
